[0.001s][warning][os,container] Cgroup memory controller path at '/sys/fs/cgroup' seems to have moved to '/../../jupyter-children', detected limits won't be accurate
[0.001s][warning][os,container] Cgroup cpu controller path at '/sys/fs/cgroup' seems to have moved to '/../../jupyter-children', detected limits won't be accurate
To honour the JVM settings for this build a single-use Daemon process will be forked. For more on this, please refer to https://docs.gradle.org/8.7/userguide/gradle_daemon.html#sec:disabling_the_daemon in the Gradle documentation.
Daemon will be stopped at the end of the build 
WARNING: We recommend using a newer Android Gradle plugin to use compileSdk = 35

This Android Gradle plugin (8.5.2) was tested up to compileSdk = 34.

You are strongly encouraged to update your project to use a newer
Android Gradle plugin that has been tested with compileSdk = 35.

If you are already using the latest version of the Android Gradle plugin,
you may need to wait until a newer version with support for compileSdk = 35 is available.

For more information refer to the compatibility table:
https://d.android.com/r/tools/api-level-support

To suppress this warning, add/update
    android.suppressUnsupportedCompileSdk=35
to this project's gradle.properties.
> Task :app:preBuild UP-TO-DATE
> Task :app:preDebugBuild UP-TO-DATE
> Task :app:mergeDebugNativeDebugMetadata NO-SOURCE
> Task :app:javaPreCompileDebug UP-TO-DATE
> Task :app:checkDebugAarMetadata UP-TO-DATE
> Task :app:generateDebugResValues UP-TO-DATE
> Task :app:mapDebugSourceSetPaths UP-TO-DATE
> Task :app:generateDebugResources UP-TO-DATE
> Task :app:mergeDebugResources UP-TO-DATE
> Task :app:packageDebugResources UP-TO-DATE
> Task :app:parseDebugLocalResources UP-TO-DATE
> Task :app:createDebugCompatibleScreenManifests UP-TO-DATE
> Task :app:extractDeepLinksDebug UP-TO-DATE
> Task :app:processDebugMainManifest
> Task :app:processDebugManifest
> Task :app:mergeDebugShaders
> Task :app:processDebugManifestForPackage
> Task :app:compileDebugShaders NO-SOURCE
> Task :app:generateDebugAssets UP-TO-DATE
> Task :app:mergeDebugAssets
> Task :app:compressDebugAssets
> Task :app:processDebugResources
> Task :app:desugarDebugFileDependencies
> Task :app:compileDebugJavaWithJavac FAILED

FAILURE: Build failed with an exception.

* What went wrong:
Execution failed for task ':app:compileDebugJavaWithJavac'.
> Could not resolve all files for configuration ':app:androidJdkImage'.
   > Failed to transform core-for-system-modules.jar to match attributes {artifactType=_internal_android_jdk_image, org.gradle.libraryelements=jar, org.gradle.usage=java-runtime}.
      > Execution failed for JdkImageTransform: /content/android-sdk/platforms/android-35/core-for-system-modules.jar.
         > Error while executing process /usr/lib/jvm/java-21-openjdk-amd64/bin/jmod with arguments {create --module-version [0.001s][warning][os,container] Cgroup memory controller path at '/sys/fs/cgroup' seems to have moved to '/../../jupyter-children', detected limits won't be accurate
           [0.001s][warning][os,container] Cgroup cpu controller path at '/sys/fs/cgroup' seems to have moved to '/../../jupyter-children', detected limits won't be accurate
           21.0.11 --target-platform LINUX-OTHER --class-path /root/.gradle/caches/transforms-4/2108cffd7369dac1ce343da5e4ced143-d3c4c177-e21a-4ec6-9884-cea744cda484/transformed/output/temp/module.jar /root/.gradle/caches/transforms-4/2108cffd7369dac1ce343da5e4ced143-d3c4c177-e21a-4ec6-9884-cea744cda484/transformed/output/temp/jmod/java.base.jmod}

* Try:
> Run with --stacktrace option to get the stack trace.
> Run with --info or --debug option to get more log output.
> Run with --scan to get full insights.
> Get more help at https://help.gradle.org.

BUILD FAILED in 57s
19 actionable tasks: 9 executed, 10 up-to-date
